#-----------------------------------------------------------
# Webtalk v2020.2 (64-bit)
# SW Build 3064766 on Wed Nov 18 09:12:45 MST 2020
# IP Build 3064653 on Wed Nov 18 14:17:31 MST 2020
# Start of session at: Thu Jun  9 22:10:11 2022
# Process ID: 7648
# Current directory: C:/Users/SFG/Desktop/Digital_Design_Project/Top_Level_Datapath/Top_Level_Datapath.sim/sim_1/impl/func/xsim
# Command line: wbtcv.exe -mode batch -source C:/Users/SFG/Desktop/Digital_Design_Project/Top_Level_Datapath/Top_Level_Datapath.sim/sim_1/impl/func/xsim/xsim.dir/Top_Level_Datapath_tb_func_impl/webtalk/xsim_webtalk.tcl -notrace
# Log file: C:/Users/SFG/Desktop/Digital_Design_Project/Top_Level_Datapath/Top_Level_Datapath.sim/sim_1/impl/func/xsim/webtalk.log
# Journal file: C:/Users/SFG/Desktop/Digital_Design_Project/Top_Level_Datapath/Top_Level_Datapath.sim/sim_1/impl/func/xsim\webtalk.jou
#-----------------------------------------------------------
source C:/Users/SFG/Desktop/Digital_Design_Project/Top_Level_Datapath/Top_Level_Datapath.sim/sim_1/impl/func/xsim/xsim.dir/Top_Level_Datapath_tb_func_impl/webtalk/xsim_webtalk.tcl -notrace
